[debug] [2026-09-03T14:46:07.647Z] ----------------------------------------------------------------------
[debug] [2026-09-03T14:46:07.650Z] Command:       /usr/local/bin/node /usr/local/bin/firebase deploy --only hosting
[debug] [2026-09-03T14:46:07.650Z] CLI Version:   15.26.0
[debug] [2026-09-03T14:46:07.651Z] Platform:      linux
[debug] [2026-09-03T14:46:07.651Z] Node Version:  v22.23.2
[debug] [2026-09-03T14:46:07.651Z] Detected Agent: unknown
[debug] [2026-09-03T14:46:07.651Z] Time:          Thu Sep 03 2026 14:46:07 GMT+0000 (Coordinated Universal Time)
[debug] [2026-09-03T14:46:07.652Z] ----------------------------------------------------------------------
[debug] 
[debug] [2026-09-03T14:46:07.681Z] >>> [apiv2][query] GET https://firebase-public.firebaseio.com/cli.json [none]
[debug] [2026-09-03T14:46:11.243Z] > command requires scopes: ["email","openid","https://www.googleapis.com/auth/cloudplatformprojects.readonly","https://www.googleapis.com/auth/firebase","https://www.googleapis.com/auth/cloud-platform"]
[debug] [2026-09-03T14:46:11.292Z] Running auto auth
[debug] [2026-09-03T14:46:11.296Z] [iam] checking project wise-digit-pwx5p for permissions ["firebase.projects.get","firebasehosting.sites.update"]
[debug] [2026-09-03T14:46:11.297Z] No OAuth tokens found
[debug] [2026-09-03T14:46:11.297Z] >>> [apiv2][query] POST https://cloudresourcemanager.googleapis.com/v1/projects/wise-digit-pwx5p:testIamPermissions [none]
[debug] [2026-09-03T14:46:11.298Z] >>> [apiv2][(partial)header] POST https://cloudresourcemanager.googleapis.com/v1/projects/wise-digit-pwx5p:testIamPermissions  x-goog-user-project=wise-digit-pwx5p
[debug] [2026-09-03T14:46:11.298Z] >>> [apiv2][body] POST https://cloudresourcemanager.googleapis.com/v1/projects/wise-digit-pwx5p:testIamPermissions {"permissions":["firebase.projects.get","firebasehosting.sites.update"]}
[debug] [2026-09-03T14:46:11.729Z] <<< [apiv2][status] GET https://firebase-public.firebaseio.com/cli.json 200
[debug] [2026-09-03T14:46:11.729Z] <<< [apiv2][body] GET https://firebase-public.firebaseio.com/cli.json {"cloudBuildErrorAfter":1594252800000,"cloudBuildWarnAfter":1590019200000,"defaultNode10After":1594252800000,"minVersion":"3.0.5","node8DeploysDisabledAfter":1613390400000,"node8RuntimeDisabledAfter":1615809600000,"node8WarnAfter":1600128000000}
[debug] [2026-09-03T14:46:12.541Z] <<< [apiv2][status] POST https://cloudresourcemanager.googleapis.com/v1/projects/wise-digit-pwx5p:testIamPermissions 403
[debug] [2026-09-03T14:46:12.541Z] <<< [apiv2][body] POST https://cloudresourcemanager.googleapis.com/v1/projects/wise-digit-pwx5p:testIamPermissions {"error":{"code":403,"message":"Caller does not have required permission to use project wise-digit-pwx5p. Grant the caller the roles/serviceusage.serviceUsageConsumer role, or a custom role with the serviceusage.services.use permission, by visiting https://console.developers.google.com/iam-admin/iam?project=wise-digit-pwx5p and then retry. Propagation of the new permission may take a few minutes.","status":"PERMISSION_DENIED","details":[{"@type":"type.googleapis.com/google.rpc.ErrorInfo","reason":"USER_PROJECT_DENIED","domain":"googleapis.com","metadata":{"containerInfo":"wise-digit-pwx5p","consoleUrl":"https://console.developers.google.com/iam-admin/iam?project=wise-digit-pwx5p","consumer":"projects/wise-digit-pwx5p","service":"cloudresourcemanager.googleapis.com"}},{"@type":"type.googleapis.com/google.rpc.LocalizedMessage","locale":"en-US","message":"Caller does not have required permission to use project wise-digit-pwx5p. Grant the caller the roles/serviceusage.serviceUsageConsumer role, or a custom role with the serviceusage.services.use permission, by visiting https://console.developers.google.com/iam-admin/iam?project=wise-digit-pwx5p and then retry. Propagation of the new permission may take a few minutes."},{"@type":"type.googleapis.com/google.rpc.Help","links":[{"description":"Google developer console IAM admin","url":"https://console.developers.google.com/iam-admin/iam?project=wise-digit-pwx5p"}]}]}}
[debug] [2026-09-03T14:46:12.542Z] [iam] error while checking permissions, command may fail: Request to https://cloudresourcemanager.googleapis.com/v1/projects/wise-digit-pwx5p:testIamPermissions had HTTP Error: 403, Caller does not have required permission to use project wise-digit-pwx5p. Grant the caller the roles/serviceusage.serviceUsageConsumer role, or a custom role with the serviceusage.services.use permission, by visiting https://console.developers.google.com/iam-admin/iam?project=wise-digit-pwx5p and then retry. Propagation of the new permission may take a few minutes.
[debug] [2026-09-03T14:46:12.543Z] No OAuth tokens found
[debug] [2026-09-03T14:46:12.543Z] >>> [apiv2][query] GET https://firebase.googleapis.com/v1beta1/projects/wise-digit-pwx5p [none]
[debug] [2026-09-03T14:46:12.636Z] <<< [apiv2][status] GET https://firebase.googleapis.com/v1beta1/projects/wise-digit-pwx5p 403
[debug] [2026-09-03T14:46:12.636Z] <<< [apiv2][body] GET https://firebase.googleapis.com/v1beta1/projects/wise-digit-pwx5p {"error":{"code":403,"message":"Firebase Management API has not been used in project 609197389972 before or it is disabled. Enable it by visiting https://console.developers.google.com/apis/api/firebase.googleapis.com/overview?project=609197389972 then retry. If you enabled this API recently, wait a few minutes for the action to propagate to our systems and retry.","status":"PERMISSION_DENIED","details":[{"@type":"type.googleapis.com/google.rpc.ErrorInfo","reason":"SERVICE_DISABLED","domain":"googleapis.com","metadata":{"activationUrl":"https://console.developers.google.com/apis/api/firebase.googleapis.com/overview?project=609197389972","consumer":"projects/609197389972","containerInfo":"609197389972","serviceTitle":"Firebase Management API","service":"firebase.googleapis.com"}},{"@type":"type.googleapis.com/google.rpc.LocalizedMessage","locale":"en-US","message":"Firebase Management API has not been used in project 609197389972 before or it is disabled. Enable it by visiting https://console.developers.google.com/apis/api/firebase.googleapis.com/overview?project=609197389972 then retry. If you enabled this API recently, wait a few minutes for the action to propagate to our systems and retry."},{"@type":"type.googleapis.com/google.rpc.Help","links":[{"description":"Google developers console API activation","url":"https://console.developers.google.com/apis/api/firebase.googleapis.com/overview?project=609197389972"}]}]}}
[debug] [2026-09-03T14:46:12.637Z] Request to https://firebase.googleapis.com/v1beta1/projects/wise-digit-pwx5p had HTTP Error: 403, Firebase Management API has not been used in project 609197389972 before or it is disabled. Enable it by visiting https://console.developers.google.com/apis/api/firebase.googleapis.com/overview?project=609197389972 then retry. If you enabled this API recently, wait a few minutes for the action to propagate to our systems and retry.
[debug] [2026-09-03T14:46:12.638Z] FirebaseError: Request to https://firebase.googleapis.com/v1beta1/projects/wise-digit-pwx5p had HTTP Error: 403, Firebase Management API has not been used in project 609197389972 before or it is disabled. Enable it by visiting https://console.developers.google.com/apis/api/firebase.googleapis.com/overview?project=609197389972 then retry. If you enabled this API recently, wait a few minutes for the action to propagate to our systems and retry.
    at responseToError (/usr/local/lib/node_modules/firebase-tools/lib/responseToError.js:53:12)
    at RetryOperation._fn (/usr/local/lib/node_modules/firebase-tools/lib/apiv2.js:415:77)
    at process.processTicksAndRejections (node:internal/process/task_queues:103:5)
[error] 
[error] Error: Failed to get Firebase project wise-digit-pwx5p. Please make sure the project exists and your account has permission to access it.
